Microchip MPLAB XC8 Compiler V2.50

Linker command line:

-W-3 \
  --edf=C:\Program Files\Microchip\xc8\v2.50\pic\dat\20240725155939_en.msgs \
  -cn -h+dist/default/production\traffic_light_ising_PIC.X.production.sym \
  --cmf=dist/default/production\traffic_light_ising_PIC.X.production.cmf -z \
  -Q18F4580 -oC:\Users\jisjo\AppData\Local\Temp\xcAs2o4.\driver_tmp_3.o \
  --defsym=__MPLAB_BUILD=1 --fixupoverflow=error \
  -Mdist/default/production/traffic_light_ising_PIC.X.production.map \
  --md=C:\Users\jisjo\AppData\Local\Temp\xcAs2o4.\driver_tmp_0.dat -E1 \
  -ver=XC8 Compiler --acfsm=1493 -ACODE=00h-07FFFh -ACONST=00h-07FFFh \
  -ASMALLCONST=0600h-06FFhx122 -AMEDIUMCONST=0600h-07FFFh -ACOMRAM=01h-05Fh \
  -AABS1=00h-05FFh -ABIGRAM=01h-05FFh -ARAM=060h-0FFh,0100h-01FFhx5 \
  -ABANK0=060h-0FFh -ABANK1=0100h-01FFh -ABANK2=0200h-02FFh \
  -ABANK3=0300h-03FFh -ABANK4=0400h-04FFh -ABANK5=0500h-05FFh \
  -ASFR=0D00h-0DFFhx2,0F00h-0F5Fh,0F60h-0FFFh -ABIGSFR=0D00h-0FFFh \
  -ACONFIG=0300000h-030000Dh -AIDLOC=0200000h-0200007h \
  -AEEDATA=0F00000h-0F000FFh -peeprom_data=EEDATA \
  -preset_vec=00h,intcode,sivt_hi,intcodelo,sivt_lo,powerup,init \
  -pramtop=0600h -psmallconst=SMALLCONST -pmediumconst=MEDIUMCONST \
  -pconst=CONST -AFARRAM=00h-00h \
  -prdata=COMRAM,nvrram=COMRAM,nvbit=COMRAM,rbss=COMRAM,rbit=COMRAM \
  -pfarbss=FARRAM,fardata=FARRAM,nvFARRAM=FARRAM \
  -pintsave_regs=BIGRAM,bigbss=BIGRAM,bigdata=BIGRAM -pbss=RAM \
  -pidata=CODE,irdata=CODE,ibigdata=CODE,ifardata=CODE -prparam=COMRAM \
  C:\Users\jisjo\AppData\Local\Temp\xcAs2o4.\driver_tmp_9.o \
  dist/default/production\traffic_light_ising_PIC.X.production.o 

Object code version is 3.11

Machine type is 18F4580



                Name                               Link     Load   Length Selector   Space Scale
C:\Users\jisjo\AppData\Local\Temp\xcAs2o4.\driver_tmp_9.o
                init                                  0        0        4        0       0
dist/default/production\traffic_light_ising_PIC.X.production.o
                smallconst                          600      600        2      300       0
                text0                               602      602      1B0      301       0
                cstackCOMRAM                          1        1        4        1       1
                cinit                               7B2      7B2        6      301       0

TOTAL           Name                               Link     Load   Length     Space
        CLASS   CODE           
                init                                  0        0        4         0
                text0                               602      602      1B0         0
                cinit                               7B2      7B2        6         0

        CLASS   CONST          

        CLASS   SMALLCONST     
                smallconst                          600      600        2         0

        CLASS   MEDIUMCONST    

        CLASS   COMRAM         
                cstackCOMRAM                          1        1        4         1

        CLASS   ABS1           

        CLASS   BIGRAM         

        CLASS   RAM            

        CLASS   BANK0          

        CLASS   BANK1          

        CLASS   BANK2          

        CLASS   BANK3          

        CLASS   BANK4          

        CLASS   BANK5          

        CLASS   SFR            

        CLASS   BIGSFR         

        CLASS   CONFIG         

        CLASS   IDLOC          

        CLASS   EEDATA         

        CLASS   FARRAM         

        CLASS   HEAP           

        CLASS   STACK          



SEGMENTS        Name                           Load    Length   Top    Selector   Space  Class

                reset_vec                      000000  000004  000004         0       0  CODE    
                cstackCOMRAM                   000001  000004  000005         1       1  COMRAM  
                smallconst                     000600  000002  000602       300       0  SMALLCON
                text0                          000602  0001B6  0007B8       301       0  CODE    


UNUSED ADDRESS RANGES

        Name                Unused          Largest block    Delta
        BANK0            060-0FF            A0
        BANK1            100-1FF           100
        BANK2            200-2FF           100
        BANK3            300-3FF           100
        BANK4            400-4FF           100
        BANK5            500-5FF           100
        BIGRAM           005-5FF           5FB
        BIGSFR           D00-FFF           300
        CODE             004-5FF           5FC
                         7B8-7FFF          7848
        COMRAM           005-05F            5B
        CONFIG           300000-30000D             E
        CONST            004-5FF           5FC
                         7B8-7FFF          7848
        EEDATA           F00000-F000FF           100
        IDLOC            200000-200007             8
        MEDIUMCONST      7B8-7FFF          7848
        RAM              060-5FF           100
        SFR              D00-FFF           100
        SMALLCONST       7B8-7FFF           100

                                  Symbol Table

_LATA                    (abs)        F89
_LATC                    (abs)        F8B
_TRISA                   (abs)        F92
_TRISC                   (abs)        F94
__HRAM                   (abs)        000
__H__absolute__          __absolute__ 000
__Habs1                  abs1         000
__Hbank0                 bank0        000
__Hbank1                 bank1        000
__Hbank2                 bank2        000
__Hbank3                 bank3        000
__Hbank4                 bank4        000
__Hbank5                 bank5        000
__Hbigbss                bigbss       000
__Hbigdata               bigdata      000
__Hbigram                bigram       000
__Hbigsfr                bigsfr       000
__Hbss                   bss          000
__Hcinit                 cinit        000
__Hclrtext               clrtext      000
__Hcomram                comram       000
__Hconfig                config       000
__Hconst                 const        000
__HcstackCOMRAM          cstackCOMRAM 000
__Hdata                  data         000
__Heeprom_data           eeprom_data  000
__Hfarbss                farbss       000
__Hfardata               fardata      000
__Hheap                  heap         000
__Hibigdata              ibigdata     000
__Hidata                 idata        000
__Hidloc                 idloc        000
__Hifardata              ifardata     000
__Hinit                  init         004
__Hintcode               intcode      000
__Hintcode_body          intcode_body 000
__Hintcodelo             intcodelo    000
__Hintentry              intentry     000
__Hintret                intret       000
__Hintsave_regs          intsave_regs 000
__Hirdata                irdata       000
__Hmediumconst           mediumconst  000
__HnvFARRAM              nvFARRAM     000
__Hnvbit                 nvbit        000
__Hnvrram                nvrram       000
__Hparam                 rparam       000
__Hpowerup               powerup      000
__Hram                   ram          000
__Hramtop                ramtop       600
__Hrbit                  rbit         000
__Hrbss                  rbss         000
__Hrdata                 rdata        000
__Hreset_vec             reset_vec    000
__Hrparam                rparam       000
__Hsfr                   sfr          000
__Hsivt_hi               sivt_hi      000
__Hsivt_lo               sivt_lo      000
__Hsmallconst            smallconst   602
__Hspace_0               (abs)        7B8
__Hspace_1               (abs)        005
__Hspace_2               (abs)        000
__Hspace_4               (abs)        000
__Hstack                 stack        000
__Hstruct                struct       000
__Htemp                  temp         000
__Htext                  text         000
__Htext0                 text0        000
__LRAM                   (abs)        001
__L__absolute__          __absolute__ 000
__Labs1                  abs1         000
__Lbank0                 bank0        000
__Lbank1                 bank1        000
__Lbank2                 bank2        000
__Lbank3                 bank3        000
__Lbank4                 bank4        000
__Lbank5                 bank5        000
__Lbigbss                bigbss       000
__Lbigdata               bigdata      000
__Lbigram                bigram       000
__Lbigsfr                bigsfr       000
__Lbss                   bss          000
__Lcinit                 cinit        000
__Lclrtext               clrtext      000
__Lcomram                comram       000
__Lconfig                config       000
__Lconst                 const        000
__LcstackCOMRAM          cstackCOMRAM 000
__Ldata                  data         000
__Leeprom_data           eeprom_data  000
__Lfarbss                farbss       000
__Lfardata               fardata      000
__Lheap                  heap         000
__Libigdata              ibigdata     000
__Lidata                 idata        000
__Lidloc                 idloc        000
__Lifardata              ifardata     000
__Linit                  init         000
__Lintcode               intcode      000
__Lintcode_body          intcode_body 000
__Lintcodelo             intcodelo    000
__Lintentry              intentry     000
__Lintret                intret       000
__Lintsave_regs          intsave_regs 000
__Lirdata                irdata       000
__Lmediumconst           mediumconst  000
__LnvFARRAM              nvFARRAM     000
__Lnvbit                 nvbit        000
__Lnvrram                nvrram       000
__Lparam                 rparam       000
__Lpowerup               powerup      000
__Lram                   ram          000
__Lramtop                ramtop       600
__Lrbit                  rbit         000
__Lrbss                  rbss         000
__Lrdata                 rdata        000
__Lreset_vec             reset_vec    000
__Lrparam                rparam       000
__Lsfr                   sfr          000
__Lsivt_hi               sivt_hi      000
__Lsivt_lo               sivt_lo      000
__Lsmallconst            smallconst   600
__Lspace_0               (abs)        000
__Lspace_1               (abs)        000
__Lspace_2               (abs)        000
__Lspace_4               (abs)        000
__Lstack                 stack        000
__Lstruct                struct       000
__Ltemp                  temp         000
__Ltext                  text         000
__Ltext0                 text0        000
__S0                     (abs)        7B8
__S1                     (abs)        005
__S4                     (abs)        000
__S5                     (abs)        000
___heap_hi               (abs)        000
___heap_lo               (abs)        000
___inthi_sp              stack        000
___inthi_stack_hi        stack        000
___inthi_stack_lo        stack        000
___intlo_sp              stack        000
___intlo_stack_hi        stack        000
___intlo_stack_lo        stack        000
___param_bank            (abs)        000
___rparam_used           (abs)        001
___sp                    stack        000
___stack_hi              stack        000
___stack_lo              stack        000
__accesstop              (abs)        060
__activetblptr           (abs)        000
__end_of__initialization cinit        7B2
__end_of_main            text0        7B2
__initialization         cinit        7B2
__mediumconst            mediumconst  000
__pcinit                 cinit        7B2
__pcstackCOMRAM          cstackCOMRAM 001
__psmallconst            smallconst   600
__ptext0                 text0        602
__ramtop                 ramtop       600
__smallconst             smallconst   600
_main                    text0        602
end_of_initialization    cinit        7B2
intlevel0                text         000
intlevel1                text         000
intlevel2                text         000
intlevel3                text         000
isa$std                  (abs)        001
isa$xinst                (abs)        000
main@i                   cstackCOMRAM 001
stackhi                  (abs)        000
stacklo                  (abs)        000
start                    init         000
start_initialization     cinit        7B2


MODULE INFORMATION

Module		Function		Class		Link	Load	Size
traffic_light.c
		_main          		CODE           	0602	0000	432

traffic_light.c estimated size: 432

shared
		__initialization		CODE           	07B2	0000	1

shared estimated size: 1

